Archive member included to satisfy reference by file (symbol)

arch/arm/lib/lib.a(lib1funcs.o)
                              arch/arm/mach-omap2/built-in.o (__aeabi_uidiv)
arch/arm/lib/lib.a(div0.o)    arch/arm/lib/lib.a(lib1funcs.o) (__div0)

Discarded input sections

 .data          0x0000000000000000        0x0 arch/arm/cpu/armv7/start.o
 .bss           0x0000000000000000        0x0 arch/arm/cpu/armv7/start.o
 .text          0x0000000000000000        0x0 board/cmi_at151/built-in.o
 .data          0x0000000000000000        0x0 board/cmi_at151/built-in.o
 .bss           0x0000000000000000        0x0 board/cmi_at151/built-in.o
 .text.mmu_page_table_flush
                0x0000000000000000       0x1e arch/arm/cpu/armv7/built-in.o
 .text.v7_arch_cp15_set_l2aux_ctrl
                0x0000000000000000        0x6 arch/arm/cpu/armv7/built-in.o
 .text.v7_arch_cp15_set_acr
                0x0000000000000000        0x6 arch/arm/cpu/armv7/built-in.o
 .text.wait_on_value
                0x0000000000000000       0x1e arch/arm/cpu/armv7/built-in.o
 .data          0x0000000000000000        0x0 arch/arm/cpu/armv7/built-in.o
 .bss           0x0000000000000000        0x0 arch/arm/cpu/armv7/built-in.o
 .text.armv7_boot_nonsec_default
                0x0000000000000000        0x4 arch/arm/lib/built-in.o
 .text.enable_caches
                0x0000000000000000        0xc arch/arm/lib/built-in.o
 .text.invalidate_dcache_range
                0x0000000000000000        0x2 arch/arm/lib/built-in.o
 .text.flush_dcache_range
                0x0000000000000000        0x2 arch/arm/lib/built-in.o
 .text.flush_dcache_all
                0x0000000000000000        0xa arch/arm/lib/built-in.o
 .text.invalidate_l2_cache
                0x0000000000000000        0xc arch/arm/lib/built-in.o
 .text.arm_init_before_mmu
                0x0000000000000000        0x2 arch/arm/lib/built-in.o
 .text.arm_init_domains
                0x0000000000000000        0x2 arch/arm/lib/built-in.o
 .text.mmu_page_table_flush
                0x0000000000000000        0x2 arch/arm/lib/built-in.o
 .text.mmu_set_region_dcache_behaviour
                0x0000000000000000       0x40 arch/arm/lib/built-in.o
 .text.dram_bank_mmu_setup
                0x0000000000000000       0x2a arch/arm/lib/built-in.o
 .text.fdt_psci
                0x0000000000000000        0x4 arch/arm/lib/built-in.o
 .rodata.enable_caches.str1.1
                0x0000000000000000       0x1d arch/arm/lib/built-in.o
 .data          0x0000000000000000        0x0 arch/arm/lib/built-in.o
 .__secure_end  0x0000000000000000        0x0 arch/arm/lib/built-in.o
 .__secure_stack_end
                0x0000000000000000        0x0 arch/arm/lib/built-in.o
 .__secure_stack_start
                0x0000000000000000        0x0 arch/arm/lib/built-in.o
 .__secure_start
                0x0000000000000000        0x0 arch/arm/lib/built-in.o
 .bss           0x0000000000000000        0x0 arch/arm/lib/built-in.o
 .text.get_dpll_mpu_params
                0x0000000000000000        0x8 arch/arm/mach-omap2/built-in.o
 .text.get_dpll_core_params
                0x0000000000000000       0x14 arch/arm/mach-omap2/built-in.o
 .text.get_dpll_per_params
                0x0000000000000000       0x14 arch/arm/mach-omap2/built-in.o
 .text.setup_clocks_for_console
                0x0000000000000000       0x78 arch/arm/mach-omap2/built-in.o
 .text.enable_basic_clocks
                0x0000000000000000       0x44 arch/arm/mach-omap2/built-in.o
 .text.set_mpu_spreadspectrum
                0x0000000000000000       0xc0 arch/arm/mach-omap2/built-in.o
 .text.do_setup_dpll
                0x0000000000000000       0xe0 arch/arm/mach-omap2/built-in.o
 .text.do_enable_clocks
                0x0000000000000000       0x64 arch/arm/mach-omap2/built-in.o
 .text.do_disable_clocks
                0x0000000000000000       0x6c arch/arm/mach-omap2/built-in.o
 .text.scale_vcores
                0x0000000000000000        0x2 arch/arm/mach-omap2/built-in.o
 .text.setup_early_clocks
                0x0000000000000000       0x12 arch/arm/mach-omap2/built-in.o
 .text.prcm_init
                0x0000000000000000       0x5c arch/arm/mach-omap2/built-in.o
 .text.rtc_only_prcm_init
                0x0000000000000000       0x1c arch/arm/mach-omap2/built-in.o
 .text.get_sysboot_value
                0x0000000000000000       0x14 arch/arm/mach-omap2/built-in.o
 .text.get_sys_clk_index
                0x0000000000000000       0x14 arch/arm/mach-omap2/built-in.o
 .text.am335x_get_efuse_mpu_max_freq
                0x0000000000000000       0x74 arch/arm/mach-omap2/built-in.o
 .text.am335x_get_tps65910_mpu_vdd
                0x0000000000000000       0x34 arch/arm/mach-omap2/built-in.o
 .text.am335x_get_mpu_vdd
                0x0000000000000000       0x20 arch/arm/mach-omap2/built-in.o
 .text.configure_mr
                0x0000000000000000       0x88 arch/arm/mach-omap2/built-in.o
 .text.config_sdram_emif4d5
[...]
Memory Configuration

Name             Origin             Length             Attributes
*default*        0x0000000000000000 0xffffffffffffffff

Linker script and memory map

Address of section .text set to 0x80800000
                0x0000000000000000                . = 0x0
                0x0000000000000000                . = ALIGN (0x4)

.text           0x0000000080800000    0x51e24
 *(.__image_copy_start)
 .__image_copy_start
                0x0000000080800000        0x0 arch/arm/lib/built-in.o
                0x0000000080800000                __image_copy_start
 *(.vectors)
 .vectors       0x0000000080800000      0x2e8 arch/arm/lib/built-in.o
                0x0000000080800000                _start
                0x0000000080800020                _undefined_instruction
                0x0000000080800024                _software_interrupt
                0x0000000080800028                _prefetch_abort
                0x000000008080002c                _data_abort
                0x0000000080800030                _not_used
                0x0000000080800034                _irq
                0x0000000080800038                _fiq
                0x0000000080800040                IRQ_STACK_START_IN
 arch/arm/cpu/armv7/start.o(.text*)
 .text          0x00000000808002e8       0xa4 arch/arm/cpu/armv7/start.o
                0x00000000808002e8                reset
                0x00000000808002ec                save_boot_params_ret
                0x0000000080800320                c_runtime_cpu_setup
                0x0000000080800334                cpu_init_cp15
 board/cmi_at151/built-in.o(.text*)
 .text.cpsw_control
                0x000000008080038c        0x2 board/cmi_at151/built-in.o
 *fill*         0x000000008080038e        0x2 
 .text.board_init
                0x0000000080800390       0x1c board/cmi_at151/built-in.o
                0x0000000080800390                board_init
 .text.ft_board_setup
                0x00000000808003ac      0x184 board/cmi_at151/built-in.o
                0x00000000808003ac                ft_board_setup
 .text.board_eth_init
                0x0000000080800530      0x11c board/cmi_at151/built-in.o
                0x0000000080800530                board_eth_init
 *(.text*)
 .text          0x000000008080064c      0x158 arch/arm/cpu/armv7/built-in.o
                0x000000008080064c                __v7_flush_dcache_all
                0x00000000808006e8                v7_flush_dcache_all
                0x00000000808006f8                __v7_invalidate_dcache_all
                0x0000000080800794                v7_invalidate_dcache_all
 .text.invalidate_icache_all
                0x00000000808007a4       0x14 arch/arm/cpu/armv7/built-in.o
                0x00000000808007a4                invalidate_icache_all
 .text.v7_outer_cache_enable
                0x00000000808007b8        0x2 arch/arm/cpu/armv7/built-in.o
                0x00000000808007b8                v7_outer_cache_enable
 .text.v7_outer_cache_disable
                0x00000000808007ba        0x2 arch/arm/cpu/armv7/built-in.o
                0x00000000808007ba                v7_outer_cache_disable
 .text.v7_outer_cache_flush_all
                0x00000000808007bc        0x2 arch/arm/cpu/armv7/built-in.o
                0x00000000808007bc                v7_outer_cache_flush_all
 .text.flush_dcache_all
                0x00000000808007be        0xe arch/arm/cpu/armv7/built-in.o
                0x00000000808007be                flush_dcache_all
 .text.v7_outer_cache_inval_all
                0x00000000808007cc        0x2 arch/arm/cpu/armv7/built-in.o
                0x00000000808007cc                v7_outer_cache_inval_all
 .text.invalidate_dcache_all
                0x00000000808007ce        0xe arch/arm/cpu/armv7/built-in.o
                0x00000000808007ce                invalidate_dcache_all
 .text.arm_init_before_mmu
                0x00000000808007dc       0x22 arch/arm/cpu/armv7/built-in.o
                0x00000000808007dc                arm_init_before_mmu
 .text.v7_outer_cache_flush_range
                0x00000000808007fe        0x2 arch/arm/cpu/armv7/built-in.o
                0x00000000808007fe                v7_outer_cache_flush_range
 .text.flush_dcache_range
                0x0000000080800800       0x38 arch/arm/cpu/armv7/built-in.o
                0x0000000080800800                flush_dcache_range
 .text.v7_outer_cache_inval_range
                0x0000000080800838        0x2 arch/arm/cpu/armv7/built-in.o
                0x0000000080800838                v7_outer_cache_inval_range
 .text.invalidate_dcache_range
                0x000000008080083a       0x42 arch/arm/cpu/armv7/built-in.o
                0x000000008080083a                invalidate_dcache_range
 .text.cpu_cache_initialization
                0x000000008080087c        0x2 arch/arm/cpu/armv7/built-in.o
                0x000000008080087c                cpu_cache_initialization
 .text.cleanup_before_linux_select
                0x000000008080087e       0x3e arch/arm/cpu/armv7/built-in.o
                0x000000008080087e                cleanup_before_linux_select
 .text.cleanup_before_linux
                0x00000000808008bc        0x6 arch/arm/cpu/armv7/built-in.o
                0x00000000808008bc                cleanup_before_linux
 .text.sdelay   0x00000000808008c2        0x6 arch/arm/cpu/armv7/built-in.o
                0x00000000808008c2                sdelay
 *fill*         0x00000000808008c8       0x18 
 .text          0x00000000808008e0      0x420 arch/arm/lib/built-in.o
                0x00000000808008e0                _main
                0x0000000080800980                memset
                0x0000000080800a20                memcpy
 .text.setjmp   0x0000000080800d00       0x10 arch/arm/lib/built-in.o
                0x0000000080800d00                setjmp
 .text.longjmp  0x0000000080800d10       0x1c arch/arm/lib/built-in.o
                0x0000000080800d10                longjmp
 .text.relocate_vectors
                0x0000000080800d2c       0x70 arch/arm/lib/built-in.o
                0x0000000080800d2c                relocate_vectors
                0x0000000080800d38                relocate_code
 .text.arch_fixup_fdt
                0x0000000080800d9c       0x24 arch/arm/lib/built-in.o
                0x0000000080800d9c                arch_fixup_fdt
 .text.arch_lmb_reserve
                0x0000000080800dc0       0x1a arch/arm/lib/built-in.o
                0x0000000080800dc0                arch_lmb_reserve
 .text.board_quiesce_devices
                0x0000000080800dda        0x2 arch/arm/lib/built-in.o
                0x0000000080800dda                board_quiesce_devices
 .text.boot_jump_linux
                0x0000000080800ddc       0x90 arch/arm/lib/built-in.o
 .text.setup_board_tags
                0x0000000080800e6c        0x2 arch/arm/lib/built-in.o
                0x0000000080800e6c                setup_board_tags
 *fill*         0x0000000080800e6e        0x2 
 .text.boot_prep_linux
                0x0000000080800e70      0x100 arch/arm/lib/built-in.o
 .text.do_bootm_linux
                0x0000000080800f70       0x3c arch/arm/lib/built-in.o
                0x0000000080800f70                do_bootm_linux
 .text.boot_prep_vxworks
                0x0000000080800fac       0x34 arch/arm/lib/built-in.o
                0x0000000080800fac                boot_prep_vxworks
 .text.boot_jump_vxworks
                0x0000000080800fe0        0xa arch/arm/lib/built-in.o
                0x0000000080800fe0                boot_jump_vxworks
 *fill*         0x0000000080800fea        0x2 
 .text.bootz_setup
                0x0000000080800fec       0x6c arch/arm/lib/built-in.o
                0x0000000080800fec                bootz_setup
 .text.arch_reserve_stacks
                0x0000000080801058       0x16 arch/arm/lib/built-in.o
                0x0000000080801058                arch_reserve_stacks
 *fill*         0x000000008080106e        0x2 
 .text.interrupt_init
                0x0000000080801070       0x14 arch/arm/lib/built-in.o
                0x0000000080801070                interrupt_init
 .text.enable_interrupts
                0x0000000080801084        0x2 arch/arm/lib/built-in.o
                0x0000000080801084                enable_interrupts
 .text.disable_interrupts
                0x0000000080801086        0x4 arch/arm/lib/built-in.o
                0x0000000080801086                disable_interrupts
 *fill*         0x000000008080108a        0x2 
 .text.bad_mode
                0x000000008080108c        0xc arch/arm/lib/built-in.o
                0x000000008080108c                bad_mode
 .text.show_regs
                0x0000000080801098      0x108 arch/arm/lib/built-in.o
                0x0000000080801098                show_regs
 .text.do_undefined_instruction
                0x00000000808011a0       0x24 arch/arm/lib/built-in.o
                0x00000000808011a0                do_undefined_instruction
 .text.do_software_interrupt
                0x00000000808011c4       0x24 arch/arm/lib/built-in.o
                0x00000000808011c4                do_software_interrupt
 .text.do_prefetch_abort
                0x00000000808011e8       0x24 arch/arm/lib/built-in.o
                0x00000000808011e8                do_prefetch_abort
 .text.do_data_abort
                0x000000008080120c       0x24 arch/arm/lib/built-in.o
                0x000000008080120c                do_data_abort
 .text.do_not_used
                0x0000000080801230       0x24 arch/arm/lib/built-in.o
                0x0000000080801230                do_not_used
 .text.do_fiq   0x0000000080801254       0x24 arch/arm/lib/built-in.o
                0x0000000080801254                do_fiq
 .text.do_irq   0x0000000080801278       0x24 arch/arm/lib/built-in.o
                0x0000000080801278                do_irq
 .text.reset_misc
                0x000000008080129c        0x2 arch/arm/lib/built-in.o
                0x000000008080129c                reset_misc
 *fill*         0x000000008080129e        0x2 
 .text.do_reset
                0x00000000808012a0       0x28 arch/arm/lib/built-in.o
                0x00000000808012a0                do_reset
 .text.flush_cache
                0x00000000808012c8        0x6 arch/arm/lib/built-in.o
                0x00000000808012c8                flush_cache
 *fill*         0x00000000808012ce        0x2 
 .text.check_cache_range
                0x00000000808012d0       0x24 arch/arm/lib/built-in.o
                0x00000000808012d0                check_cache_range
 .text.set_section_dcache
                0x00000000808012f4       0x12 arch/arm/lib/built-in.o
                0x00000000808012f4                set_section_dcache
 .text.icache_enable
                0x0000000080801306       0x12 arch/arm/lib/built-in.o
                0x0000000080801306                icache_enable
 .text.icache_disable
                0x0000000080801318       0x16 arch/arm/lib/built-in.o
                0x0000000080801318                icache_disable
 .text.icache_status
                0x000000008080132e        0xa arch/arm/lib/built-in.o
                0x000000008080132e                icache_status
 .text.dcache_enable
                0x0000000080801338       0x6e arch/arm/lib/built-in.o
                0x0000000080801338                dcache_enable
 .text.dcache_disable
                0x00000000808013a6       0x20 arch/arm/lib/built-in.o
                0x00000000808013a6                dcache_disable
 .text.dcache_status
                0x00000000808013c6        0xa arch/arm/lib/built-in.o
                0x00000000808013c6                dcache_status
 .text          0x00000000808013d0       0x60 arch/arm/mach-omap2/built-in.o
                0x00000000808013d0                save_boot_params
                0x00000000808013dc                omap_smc1
                0x00000000808013f8                omap_smc_sec
 .text.get_cpu_rev
                0x0000000080801430       0x10 arch/arm/mach-omap2/built-in.o
                0x0000000080801430                get_cpu_rev
 .text.get_cpu_type
                0x0000000080801440       0x14 arch/arm/mach-omap2/built-in.o
                0x0000000080801440                get_cpu_type
 .text.print_cpuinfo
                0x0000000080801454       0x90 arch/arm/mach-omap2/built-in.o
                0x0000000080801454                print_cpuinfo
 .text.am33xx_otg0_set_phy_power
                0x00000000808014e4       0x20 arch/arm/mach-omap2/built-in.o
 .text.am33xx_otg1_set_phy_power
                0x0000000080801504       0x20 arch/arm/mach-omap2/built-in.o
 .text.dram_init
                0x0000000080801524       0x16 arch/arm/mach-omap2/built-in.o
                0x0000000080801524                dram_init
 .text.dram_init_banksize
                0x000000008080153a       0x18 arch/arm/mach-omap2/built-in.o
                0x000000008080153a                dram_init_banksize
 .text.cpu_mmc_init
                0x0000000080801552       0x28 arch/arm/mach-omap2/built-in.o
                0x0000000080801552                cpu_mmc_init
 *fill*         0x000000008080157a        0x2 
 .text.arch_misc_init
                0x000000008080157c       0x34 arch/arm/mach-omap2/built-in.o
                0x000000008080157c                arch_misc_init
 .text.arch_cpu_init_dm
                0x00000000808015b0        0xa arch/arm/mach-omap2/built-in.o
                0x00000000808015b0                arch_cpu_init_dm
 *fill*         0x00000000808015ba        0x2 
 .text.hw_data_init
                0x00000000808015bc       0x14 arch/arm/mach-omap2/built-in.o
                0x00000000808015bc                hw_data_init
 .text.reset_cpu
                0x00000000808015d0       0x10 arch/arm/mach-omap2/built-in.o
                0x00000000808015d0                reset_cpu
 .text.timer_init
                0x00000000808015e0       0x18 arch/arm/mach-omap2/built-in.o
                0x00000000808015e0                timer_init
 .text.__udelay
                0x00000000808015f8       0x34 arch/arm/mach-omap2/built-in.o
                0x00000000808015f8                __udelay
 .text.get_timer_masked
                0x000000008080162c       0x54 arch/arm/mach-omap2/built-in.o
                0x000000008080162c                get_timer_masked
 .text.get_timer
                0x0000000080801680        0xc arch/arm/mach-omap2/built-in.o
                0x0000000080801680                get_timer
 .text.get_ticks
                0x000000008080168c        0xa arch/arm/mach-omap2/built-in.o
                0x000000008080168c                get_ticks
 .text.get_tbclk
                0x0000000080801696        0x6 arch/arm/mach-omap2/built-in.o
                0x0000000080801696                get_tbclk
 .text.get_device_type
                0x000000008080169c       0x18 arch/arm/mach-omap2/built-in.o
                0x000000008080169c                get_device_type
 .text.enable_caches
                0x00000000808016b4       0x14 arch/arm/mach-omap2/built-in.o
                0x00000000808016b4                enable_caches
 .text.dram_bank_mmu_setup
                0x00000000808016c8       0x26 arch/arm/mach-omap2/built-in.o
                0x00000000808016c8                dram_bank_mmu_setup
 .text.arm_init_domains
                0x00000000808016ee       0x16 arch/arm/mach-omap2/built-in.o
                0x00000000808016ee                arm_init_domains
 .text.enable_gpmc_cs_config
                0x0000000080801704       0x6c arch/arm/mach-omap2/built-in.o
                0x0000000080801704                enable_gpmc_cs_config
 .text.set_gpmc_cs0
                0x0000000080801770       0x4c arch/arm/mach-omap2/built-in.o
                0x0000000080801770                set_gpmc_cs0
 .text.gpmc_init
                0x00000000808017bc       0x50 arch/arm/mach-omap2/built-in.o
                0x00000000808017bc                gpmc_init
 .text.do_go_exec
                0x000000008080180c        0x8 cmd/built-in.o
                0x000000008080180c                do_go_exec
 .text.do_go    0x0000000080801814       0x4c cmd/built-in.o
 .text.do_bootm
                0x0000000080801860       0xa0 cmd/built-in.o
                0x0000000080801860                do_bootm
 .text.do_bootd
                0x0000000080801900       0x18 cmd/built-in.o
                0x0000000080801900                do_bootd
 .text.image_info
                0x0000000080801918       0xc4 cmd/built-in.o
 .text.do_iminfo
                0x00000000808019dc       0x3c cmd/built-in.o
 .text.bootm_maybe_autostart
                0x0000000080801a18       0x4c cmd/built-in.o
                0x0000000080801a18                bootm_maybe_autostart
 .text.do_help  0x0000000080801a64       0x2c cmd/built-in.o
 .text.do_version
                0x0000000080801a90       0x30 cmd/built-in.o
 .text.blk_common_cmd
                0x0000000080801ac0      0x1f0 cmd/built-in.o
                0x0000000080801ac0                blk_common_cmd
 .text.source   0x0000000080801cb0      0x11c cmd/built-in.o
                0x0000000080801cb0                source
 .text.do_source
                0x0000000080801dcc       0x50 cmd/built-in.o
 .text.print_num
                0x0000000080801e1c       0x10 cmd/built-in.o
 .text.do_bdinfo
                0x0000000080801e2c      0x148 cmd/built-in.o
 .text.efi_init_obj_list
                0x0000000080801f74       0x2c cmd/built-in.o
 .text.do_bootefi_exec
                0x0000000080801fa0      0x2c4 cmd/built-in.o
 .text.do_bootefi
                0x0000000080802264       0xc8 cmd/built-in.o
 .text.efi_set_bootdev
                0x000000008080232c       0xac cmd/built-in.o
                0x000000008080232c                efi_set_bootdev
 .text.do_bootz
                0x00000000808023d8       0xa4 cmd/built-in.o
                0x00000000808023d8                do_bootz
 .text.do_coninfo
                0x000000008080247c       0x84 cmd/built-in.o
 .text.do_echo  0x0000000080802500       0x74 cmd/built-in.o
 .text.parse_numeric_param
                0x0000000080802574       0x1c cmd/built-in.o
 .text.parse_i2c_bus_addr
                0x0000000080802590       0x52 cmd/built-in.o
 .text.eeprom_write_enable
                0x00000000808025e2        0x4 cmd/built-in.o
                0x00000000808025e2                eeprom_write_enable
 .text.eeprom_init
                0x00000000808025e6       0x18 cmd/built-in.o
                0x00000000808025e6                eeprom_init
 .text.eeprom_read
                0x00000000808025fe       0x4c cmd/built-in.o
                0x00000000808025fe                eeprom_read
 .text.eeprom_write
                0x000000008080264a       0x6c cmd/built-in.o
                0x000000008080264a                eeprom_write
 *fill*         0x00000000808026b6        0x2 
 .text.do_eeprom
                0x00000000808026b8       0xd4 cmd/built-in.o
                0x00000000808026b8                do_eeprom
 .text.load_elf_image_shdr
                0x000000008080278c       0x4a cmd/built-in.o
 *fill*         0x00000000808027d6        0x2 
 .text.valid_elf_image
                0x00000000808027d8       0x30 cmd/built-in.o
                0x00000000808027d8                valid_elf_image
 .text.do_bootelf
                0x0000000080802808      0x118 cmd/built-in.o
                0x0000000080802808                do_bootelf
 .text.do_bootvx
                0x0000000080802920      0x248 cmd/built-in.o
                0x0000000080802920                do_bootvx
 .text.do_exit  0x0000000080802b68       0x20 cmd/built-in.o
 .text.do_ext4_size
                0x0000000080802b88        0xe cmd/built-in.o
                0x0000000080802b88                do_ext4_size
 .text.do_ext4_load
                0x0000000080802b96        0xe cmd/built-in.o
                0x0000000080802b96                do_ext4_load
 .text.do_ext4_ls
                0x0000000080802ba4        0xe cmd/built-in.o
                0x0000000080802ba4                do_ext4_ls
 .text.do_ext4_write
                0x0000000080802bb2        0xe cmd/built-in.o
                0x0000000080802bb2                do_ext4_write
 .text.do_ext2load
                0x0000000080802bc0        0xe cmd/built-in.o
                0x0000000080802bc0                do_ext2load
 .text.do_ext2ls
                0x0000000080802bce        0xe cmd/built-in.o
 .text.do_fat_size
                0x0000000080802bdc        0xe cmd/built-in.o
                0x0000000080802bdc                do_fat_size
 .text.do_fat_fsload
                0x0000000080802bea        0xe cmd/built-in.o
                0x0000000080802bea                do_fat_fsload
 .text.do_fat_ls
                0x0000000080802bf8        0xe cmd/built-in.o
 *fill*         0x0000000080802c06        0x2 
 .text.do_fat_fswrite
                0x0000000080802c08       0xbc cmd/built-in.o
 .text.do_fat_fsinfo
                0x0000000080802cc4       0x54 cmd/built-in.o
 .text.fdt_valid
                0x0000000080802d18       0x74 cmd/built-in.o
 .text.is_printable_string
                0x0000000080802d8c       0x48 cmd/built-in.o
 .text.print_data
                0x0000000080802dd4      0x104 cmd/built-in.o
 .text.set_working_fdt_addr
                0x0000000080802ed8       0x14 cmd/built-in.o
                0x0000000080802ed8                set_working_fdt_addr
 .text.do_fdt   0x0000000080802eec      0xa38 cmd/built-in.o
 .text.do_size_wrapper
                0x0000000080803924        0xe cmd/built-in.o
 *fill*         0x0000000080803932        0x2 
 .text.do_load_wrapper
                0x0000000080803934       0x40 cmd/built-in.o
 .text.do_save_wrapper
                0x0000000080803974        0xe cmd/built-in.o
 .text.do_ls_wrapper
                0x0000000080803982        0xe cmd/built-in.o
 .text.do_fstype_wrapper
                0x0000000080803990        0x4 cmd/built-in.o
 .text.gpio_get_description
                0x0000000080803994       0x78 cmd/built-in.o
 .text.do_gpio  0x0000000080803a0c      0x20c cmd/built-in.o
 .text.do_i2c   0x0000000080803c18       0x3c cmd/built-in.o
 .text.do_i2c_bus_speed
                0x0000000080803c54       0x54 cmd/built-in.o
 .text.do_i2c_reset
                0x0000000080803ca8       0x20 cmd/built-in.o
 .text.do_i2c_probe
                0x0000000080803cc8       0x5c cmd/built-in.o
 .text.do_i2c_bus_num
                0x0000000080803d24       0x80 cmd/built-in.o
 .text.do_i2c_show_bus
                0x0000000080803da4       0x8c cmd/built-in.o
 .text.get_alen.constprop.5
                0x0000000080803e30       0x1c cmd/built-in.o
 .text.do_i2c_crc
                0x0000000080803e4c       0xb8 cmd/built-in.o
 .text.mod_i2c_mem.isra.3
                0x0000000080803f04      0x144 cmd/built-in.o
 .text.do_i2c_nm
                0x0000000080804048        0x6 cmd/built-in.o
 .text.do_i2c_mm
                0x000000008080404e        0x6 cmd/built-in.o
 .text.do_i2c_md
                0x0000000080804054      0x144 cmd/built-in.o
 .text.do_i2c_read
                0x0000000080804198       0x78 cmd/built-in.o
 .text.do_i2c_mw
                0x0000000080804210       0xa4 cmd/built-in.o
 .text.do_i2c_write
                0x00000000808042b4       0xd8 cmd/built-in.o
 .text.do_i2c_loop
                0x000000008080438c       0x9c cmd/built-in.o
 .text.i2c_init_board
                0x0000000080804428        0x2 cmd/built-in.o
                0x0000000080804428                i2c_init_board
 .text.evalexp  0x000000008080442a       0x4a cmd/built-in.o
 .text.evalstr  0x0000000080804474       0x3c cmd/built-in.o
 .text.binary_test
                0x00000000808044b0      0x128 cmd/built-in.o
 .text.do_itest
                0x00000000808045d8       0x4c cmd/built-in.o
 .text.bin_data_init
                0x0000000080804624       0x1c cmd/built-in.o
 .text.k_data_save
                0x0000000080804640       0x34 cmd/built-in.o
 .text.k_data_restore
                0x0000000080804674       0x34 cmd/built-in.o
 .text.getcxmodem
                0x00000000808046a8       0x16 cmd/built-in.o
 *fill*         0x00000000808046be        0x2 
 .text.load_serial_ymodem
                0x00000000808046c0       0x90 cmd/built-in.o
 .text.bin_data_char
                0x0000000080804750       0x1c cmd/built-in.o
 .text.chk1.constprop.2
                0x000000008080476c       0x20 cmd/built-in.o
 .text.s1_sendpacket.constprop.3
                0x000000008080478c       0x34 cmd/built-in.o
 .text.load_serial
                0x00000000808047c0      0x124 cmd/built-in.o
 .text.do_load_serial
                0x00000000808048e4       0x90 cmd/built-in.o
 .text.do_load_serial_bin
                0x0000000080804974      0x534 cmd/built-in.o
 .text.do_mem_mw
                0x0000000080804ea8       0x7c cmd/built-in.o
 .text.do_mem_loop
                0x0000000080804f24       0x82 cmd/built-in.o
 *fill*         0x0000000080804fa6        0x2 
 .text.do_mem_md
                0x0000000080804fa8       0xa0 cmd/built-in.o
 .text.do_mem_base
                0x0000000080805048       0x28 cmd/built-in.o
 .text.do_mem_cp
                0x0000000080805070       0x70 cmd/built-in.o
 .text.do_mem_cmp
                0x00000000808050e0      0x100 cmd/built-in.o
 .text.do_mem_crc
                0x00000000808051e0       0x2c cmd/built-in.o
 .text.mod_mem.isra.0
                0x000000008080520c       0xf0 cmd/built-in.o
 .text.do_mem_mm
                0x00000000808052fc        0x6 cmd/built-in.o
 .text.do_mem_nm
                0x0000000080805302        0x6 cmd/built-in.o
 .text.extract_range
                0x0000000080805308       0x7a cmd/built-in.o
 *fill*         0x0000000080805382        0x2 
 .text.do_mii   0x0000000080805384      0x5f8 cmd/built-in.o
 .text.do_mdio  0x000000008080597c      0x304 cmd/built-in.o
 .text.do_sleep
                0x0000000080805c80       0x88 cmd/built-in.o
 .text.do_mmcops
                0x0000000080805d08       0x78 cmd/built-in.o
 .text.init_mmc_device
                0x0000000080805d80       0x34 cmd/built-in.o
 .text.do_mmc_rescan
                0x0000000080805db4       0x18 cmd/built-in.o
 .text.do_mmc_hwpartition
                0x0000000080805dcc      0x384 cmd/built-in.o
 .text.do_mmc_list
                0x0000000080806150        0xc cmd/built-in.o
 .text.do_mmc_dev
                0x000000008080615c       0xc8 cmd/built-in.o
 .text.do_mmc_read
                0x0000000080806224       0x94 cmd/built-in.o
 .text.do_mmc_erase
                0x00000000808062b8       0xa0 cmd/built-in.o
 .text.do_mmc_write
                0x0000000080806358       0xb0 cmd/built-in.o
 .text.do_mmcinfo
                0x0000000080806408      0x2bc cmd/built-in.o
 .text.do_mmc_setdsr
                0x00000000808066c4       0x74 cmd/built-in.o
 .text.do_mmc_part
                0x0000000080806738       0x38 cmd/built-in.o
 .text.part_delall
                0x0000000080806770       0x26 cmd/built-in.o
 .text.memsize_parse
                0x0000000080806796       0x48 cmd/built-in.o
 *fill*         0x00000000808067de        0x2 
 .text.mtd_part_info
                0x00000000808067e0       0x5c cmd/built-in.o
 .text.env_get_mtdparts
                0x000000008080683c       0x30 cmd/built-in.o
 .text.memsize_format
                0x000000008080686c       0x60 cmd/built-in.o
 .text.index_partitions
                0x00000000808068cc       0x6c cmd/built-in.o
 .text.current_save
                0x0000000080806938       0x78 cmd/built-in.o
 .text.part_sort_add
                0x00000000808069b0       0xbc cmd/built-in.o
 .text.device_del
                0x0000000080806a6c       0x50 cmd/built-in.o
 .text.generate_mtdparts_save.constprop.7
                0x0000000080806abc      0x1d0 cmd/built-in.o
 .text.device_delall.constprop.9
                0x0000000080806c8c       0x3c cmd/built-in.o
 .text.mtd_devices_init
                0x0000000080806cc8       0x20 cmd/built-in.o
 .text.get_mtd_info.constprop.10
                0x0000000080806ce8       0x58 cmd/built-in.o
 .text.part_validate
                0x0000000080806d40      0x22c cmd/built-in.o
 .text.device_find
                0x0000000080806f6c       0x28 cmd/built-in.o
                0x0000000080806f6c                device_find
 .text.device_parse
                0x0000000080806f94      0x308 cmd/built-in.o
 .text.mtd_id_parse
                0x000000008080729c       0xa0 cmd/built-in.o
                0x000000008080729c                mtd_id_parse
 .text.find_dev_and_part
                0x000000008080733c      0x114 cmd/built-in.o
                0x000000008080733c                find_dev_and_part
 .text.mtdparts_init
                0x0000000080807450      0x440 cmd/built-in.o
                0x0000000080807450                mtdparts_init
 .text.do_chpart
                0x0000000080807890       0x88 cmd/built-in.o
 .text.do_mtdparts
                0x0000000080807918      0x3e4 cmd/built-in.o
 .text.set_dev  0x0000000080807cfc       0x3c cmd/built-in.o
 .text.nand_load_image
                0x0000000080807d38      0x164 cmd/built-in.o
 .text.do_nandboot
                0x0000000080807e9c      0x158 cmd/built-in.o
 .text.nand_print_and_set_info.constprop.0
                0x0000000080807ff4       0xb4 cmd/built-in.o
 .text.do_nand  0x00000000808080a8      0x8b0 cmd/built-in.o
 .text.netboot_common
                0x0000000080808958      0x1c4 cmd/built-in.o
 .text.do_bootp
                0x0000000080808b1c        0x8 cmd/built-in.o
 .text.do_dhcp  0x0000000080808b24        0x8 cmd/built-in.o
 .text.do_nfs   0x0000000080808b2c        0x8 cmd/built-in.o
 .text.do_tftpb
                0x0000000080808b34       0x26 cmd/built-in.o
                0x0000000080808b34                do_tftpb
 *fill*         0x0000000080808b5a        0x2 
 .text.do_ping  0x0000000080808b5c       0x48 cmd/built-in.o
 .text.do_part_list
                0x0000000080808ba4       0xf0 cmd/built-in.o
 .text.do_part_start
                0x0000000080808c94       0x84 cmd/built-in.o
 .text.do_part_size
                0x0000000080808d18       0x84 cmd/built-in.o
 .text.do_part  0x0000000080808d9c       0xb0 cmd/built-in.o
 .text.do_spi   0x0000000080808e4c      0x1b0 cmd/built-in.o
                0x0000000080808e4c                do_spi
 .text.do_false
                0x0000000080808ffc        0x4 cmd/built-in.o
 .text.do_true  0x0000000080809000        0x4 cmd/built-in.o
 .text.do_test  0x0000000080809004      0x208 cmd/built-in.o
 .text.ubi_find_volume
                0x000000008080920c       0x44 cmd/built-in.o
 .text.ubi_volume_continue_write
                0x0000000080809250       0x6c cmd/built-in.o
 .text.ubi_volume_begin_write
                0x00000000808092bc       0x6c cmd/built-in.o
                0x00000000808092bc                ubi_volume_begin_write
 .text.ubi_volume_write
                0x0000000080809328        0x6 cmd/built-in.o
                0x0000000080809328                ubi_volume_write
 *fill*         0x000000008080932e        0x2 
 .text.ubi_volume_read
                0x0000000080809330      0x168 cmd/built-in.o
                0x0000000080809330                ubi_volume_read
 .text.ubi_detach
                0x0000000080809498       0x48 cmd/built-in.o
                0x0000000080809498                ubi_detach
 .text.ubi_part
                0x00000000808094e0      0x15c cmd/built-in.o
                0x00000000808094e0                ubi_part
 .text.do_ubi   0x000000008080963c      0x624 cmd/built-in.o
 .text.do_ubifs_mount
                0x0000000080809c60       0x38 cmd/built-in.o
 .text.do_ubifs_ls
                0x0000000080809c98       0x44 cmd/built-in.o
 .text.do_ubifs_load
                0x0000000080809cdc       0x74 cmd/built-in.o
 .text.ubifs_is_mounted
                0x0000000080809d50        0xc cmd/built-in.o
                0x0000000080809d50                ubifs_is_mounted
 .text.cmd_ubifs_umount
                0x0000000080809d5c       0x1c cmd/built-in.o
                0x0000000080809d5c                cmd_ubifs_umount
 .text.do_ubifs_umount
                0x0000000080809d78       0x28 cmd/built-in.o
 .text.usb_get_class_desc
                0x0000000080809da0       0x74 cmd/built-in.o
 .text.usb_find_device
                0x0000000080809e14       0x1e cmd/built-in.o
 *fill*         0x0000000080809e32        0x2 
 .text.usb_show_tree_graph
                0x0000000080809e34      0x17c cmd/built-in.o
 .text.usb_display_class_sub
                0x0000000080809fb0       0xf4 cmd/built-in.o
 .text.usb_display_desc
                0x000000008080a0a4       0xf4 cmd/built-in.o
 .text.usb_display_string
                0x000000008080a198       0x2c cmd/built-in.o
 .text.usb_display_config
                0x000000008080a1c4      0x1ac cmd/built-in.o
 .text.do_usbboot
                0x000000008080a370        0xc cmd/built-in.o
 .text.do_usb_start
                0x000000008080a37c       0x20 cmd/built-in.o
 .text.usb_show_tree
                0x000000008080a39c       0x30 cmd/built-in.o
                0x000000008080a39c                usb_show_tree
 .text.do_usb   0x000000008080a3cc      0x2b0 cmd/built-in.o
 .text.common_diskboot
                0x000000008080a67c      0x1c8 cmd/built-in.o
                0x000000008080a67c                common_diskboot
 .text.do_imgextract
                0x000000008080a844      0x28c cmd/built-in.o
 .text.extract_val
                0x000000008080aad0       0x5c cmd/built-in.o
 .text.extract_env
                0x000000008080ab2c       0xa0 cmd/built-in.o
 .text.set_gpt_info.isra.0.constprop.1
                0x000000008080abcc      0x348 cmd/built-in.o
 .text.do_gpt   0x000000008080af14      0x214 cmd/built-in.o
 .text.do_env_delete
                0x000000008080b128       0x68 cmd/built-in.o
 .text.do_env_exists
                0x000000008080b190       0x40 cmd/built-in.o
 .text.do_env   0x000000008080b1d0       0x3c cmd/built-in.o
 .text.env_print
                0x000000008080b20c       0x78 cmd/built-in.o
 .text.do_env_print
                0x000000008080b284       0x7c cmd/built-in.o
 .text.do_env_import
                0x000000008080b300      0x174 cmd/built-in.o
 .text.do_env_default
                0x000000008080b474       0x50 cmd/built-in.o
 .text._do_env_set.isra.0
                0x000000008080b4c4      0x11c cmd/built-in.o
 .text.do_env_set
                0x000000008080b5e0       0x14 cmd/built-in.o
 .text.do_env_ask
                0x000000008080b5f4       0xf8 cmd/built-in.o
                0x000000008080b5f4                do_env_ask
 .text.get_env_id
                0x000000008080b6ec        0xc cmd/built-in.o
                0x000000008080b6ec                get_env_id
 .text.env_set  0x000000008080b6f8       0x3c cmd/built-in.o
                0x000000008080b6f8                env_set
 .text.env_set_ulong
                0x000000008080b734       0x16 cmd/built-in.o
                0x000000008080b734                env_set_ulong
 *fill*         0x000000008080b74a        0x2 
 .text.env_set_hex
                0x000000008080b74c       0x20 cmd/built-in.o
                0x000000008080b74c                env_set_hex
 .text.do_env_export
                0x000000008080b76c      0x150 cmd/built-in.o
 .text.envmatch
                0x000000008080b8bc       0x42 cmd/built-in.o
                0x000000008080b8bc                envmatch
 *fill*         0x000000008080b8fe        0x2 
 .text.env_get_f
                0x000000008080b900       0x88 cmd/built-in.o
                0x000000008080b900                env_get_f
 .text.env_get  0x000000008080b988       0x54 cmd/built-in.o
                0x000000008080b988                env_get
 .text.env_get_hex
                0x000000008080b9dc       0x22 cmd/built-in.o
                0x000000008080b9dc                env_get_hex
 .text.env_get_ulong
                0x000000008080b9fe       0x1c cmd/built-in.o
                0x000000008080b9fe                env_get_ulong
 *fill*         0x000000008080ba1a        0x2 
 .text.do_env_edit.part.3
                0x000000008080ba1c       0x70 cmd/built-in.o
 .text.do_env_edit
                0x000000008080ba8c       0x1c cmd/built-in.o
 .text.board_init_f_alloc_reserve
                0x000000008080baa8        0xa common/built-in.o
                0x000000008080baa8                board_init_f_alloc_reserve
 .text.board_init_f_init_reserve
                0x000000008080bab2       0x14 common/built-in.o
                0x000000008080bab2                board_init_f_init_reserve
 .text.show_boot_progress
                0x000000008080bac6        0x4 common/built-in.o
                0x000000008080bac6                show_boot_progress
 *fill*         0x000000008080baca        0x2 
 .text.main_loop
                0x000000008080bacc       0x34 common/built-in.o
                0x000000008080bacc                main_loop
 .text.mdelay   0x000000008080bb00       0x16 common/built-in.o
 .text.dummy    0x000000008080bb16        0x2 common/built-in.o
 .text.get_version
                0x000000008080bb18        0x4 common/built-in.o
                0x000000008080bb18                get_version
 .text.jumptable_init
                0x000000008080bb1c      0x198 common/built-in.o
                0x000000008080bb1c                jumptable_init
 .text.hash_finish_crc32
                0x000000008080bcb4       0x1c common/built-in.o
 .text.hash_update_crc32
                0x000000008080bcd0       0x14 common/built-in.o
 .text.hash_init_crc32
                0x000000008080bce4       0x14 common/built-in.o
 .text.hash_finish_sha256
                0x000000008080bcf8       0x22 common/built-in.o
 .text.hash_update_sha256
                0x000000008080bd1a       0x10 common/built-in.o
 .text.hash_init_sha256
                0x000000008080bd2a       0x16 common/built-in.o
 .text.hash_finish_sha1
                0x000000008080bd40       0x22 common/built-in.o
 .text.hash_update_sha1
                0x000000008080bd62       0x10 common/built-in.o
 .text.hash_init_sha1
                0x000000008080bd72       0x16 common/built-in.o
 .text.hash_lookup_algo
                0x000000008080bd88       0x38 common/built-in.o
                0x000000008080bd88                hash_lookup_algo
 .text.hash_command
                0x000000008080bdc0      0x120 common/built-in.o
                0x000000008080bdc0                hash_command
 .text.b_reset  0x000000008080bee0        0xe common/built-in.o
 .text.static_get
                0x000000008080beee       0x12 common/built-in.o
 .text.static_peek
                0x000000008080bf00        0x6 common/built-in.o
 *fill*         0x000000008080bf06        0x2 
 .text.mapset   0x000000008080bf08       0x14 common/built-in.o
 .text.syntax_err
                0x000000008080bf1c        0xc common/built-in.o
 .text.free_pipe_list
                0x000000008080bf28       0x8e common/built-in.o
 *fill*         0x000000008080bfb6        0x2 
 .text.xmalloc  0x000000008080bfb8       0x18 common/built-in.o
 .text.new_pipe
                0x000000008080bfd0       0x16 common/built-in.o
 *fill*         0x000000008080bfe6        0x2 
 .text.xrealloc
                0x000000008080bfe8       0x18 common/built-in.o
 .text.done_command
                0x000000008080c000       0x42 common/built-in.o
 .text.done_pipe
                0x000000008080c042       0x2a common/built-in.o
 .text.done_word
                0x000000008080c06c      0x1b8 common/built-in.o
 .text.is_assignment
                0x000000008080c224       0x2c common/built-in.o
 .text.file_get
                0x000000008080c250      0x140 common/built-in.o
 .text.do_showvar
                0x000000008080c390       0x9c common/built-in.o
 .text.b_addchr
                0x000000008080c42c       0x42 common/built-in.o
 *fill*         0x000000008080c46e        0x2 
 .text.b_addqchr
                0x000000008080c470       0x30 common/built-in.o
 .text.file_peek
                0x000000008080c4a0        0x6 common/built-in.o
 *fill*         0x000000008080c4a6        0x2 
 .text.get_local_var
                0x000000008080c4a8       0x58 common/built-in.o
                0x000000008080c4a8                get_local_var
 .text.set_local_var
                0x000000008080c500      0x10c common/built-in.o
                0x000000008080c500                set_local_var
 .text.insert_var_value_sub
                0x000000008080c60c      0x1c4 common/built-in.o
 .text.parse_string_outer
                0x000000008080c7d0       0x8c common/built-in.o
                0x000000008080c7d0                parse_string_outer
 .text.run_list_real
                0x000000008080c85c      0x4e0 common/built-in.o
 .text.parse_stream_outer
                0x000000008080cd3c      0x42c common/built-in.o
 .text.parse_file_outer
                0x000000008080d168       0x2c common/built-in.o
                0x000000008080d168                parse_file_outer
 .text.u_boot_hush_start
                0x000000008080d194       0x30 common/built-in.o
                0x000000008080d194                u_boot_hush_start
 .text.bootdelay_process
                0x000000008080d1c4       0x78 common/built-in.o
                0x000000008080d1c4                bootdelay_process
 .text.autoboot_command
                0x000000008080d23c       0xa4 common/built-in.o
                0x000000008080d23c                autoboot_command
 .text.log_init
                0x000000008080d2e0        0x8 common/built-in.o
 .text.display_text_info
                0x000000008080d2e8        0x4 common/built-in.o
 .text.setup_mon_len
                0x000000008080d2ec       0x18 common/built-in.o
 .text.arch_cpu_init
                0x000000008080d304        0x4 common/built-in.o
                0x000000008080d304                arch_cpu_init
 .text.reserve_round_4k
                0x000000008080d308       0x14 common/built-in.o
 .text.reserve_mmu
                0x000000008080d31c       0x2e common/built-in.o
                0x000000008080d31c                reserve_mmu
 .text.reserve_uboot
                0x000000008080d34a       0x2a common/built-in.o
 .text.reserve_malloc
                0x000000008080d374       0x14 common/built-in.o
 .text.setup_machine
                0x000000008080d388        0xe common/built-in.o
 .text.reserve_global_data
                0x000000008080d396       0x16 common/built-in.o
 .text.reserve_fdt
                0x000000008080d3ac       0x3a common/built-in.o
 .text.init_func_watchdog_reset
                0x000000008080d3e6        0xa common/built-in.o
                0x000000008080d3e6                init_func_watchdog_reset
 .text.setup_reloc
                0x000000008080d3f0       0x26 common/built-in.o
 .text.reloc_fdt
                0x000000008080d416       0x2c common/built-in.o
 .text.reserve_board
                0x000000008080d442       0x28 common/built-in.o
 *fill*         0x000000008080d46a        0x2 
 .text.announce_dram_init
                0x000000008080d46c       0x10 common/built-in.o
 .text.init_func_i2c
                0x000000008080d47c       0x20 common/built-in.o
 .text.init_baud_rate
                0x000000008080d49c       0x1c common/built-in.o
 .text.initf_dm
                0x000000008080d4b8        0x6 common/built-in.o
 .text.initf_bootstage
                0x000000008080d4be        0xc common/built-in.o
 .text.mach_cpu_init
                0x000000008080d4ca        0x4 common/built-in.o
                0x000000008080d4ca                mach_cpu_init
 .text.reserve_video
                0x000000008080d4ce        0x4 common/built-in.o
 .text.reserve_trace
                0x000000008080d4d2        0x4 common/built-in.o
 .text.reserve_bootstage
                0x000000008080d4d6        0x4 common/built-in.o
 .text.display_new_sp
                0x000000008080d4da        0x4 common/built-in.o
 .text.reloc_bootstage
                0x000000008080d4de        0x4 common/built-in.o
 .text.initf_console_record
                0x000000008080d4e2        0x4 common/built-in.o
 .text.reserve_arch
                0x000000008080d4e6        0x4 common/built-in.o
                0x000000008080d4e6                reserve_arch
 .text.init_func_watchdog_init
                0x000000008080d4ea        0xa common/built-in.o
 .text.coloured_LED_init
                0x000000008080d4f4        0x2 common/built-in.o
                0x000000008080d4f4                coloured_LED_init
 .text.red_led_on
                0x000000008080d4f6        0x2 common/built-in.o
                0x000000008080d4f6                red_led_on
 .text.board_add_ram_info
                0x000000008080d4f8        0x2 common/built-in.o
                0x000000008080d4f8                board_add_ram_info
 *fill*         0x000000008080d4fa        0x2 
 .text.show_dram_config
                0x000000008080d4fc       0x28 common/built-in.o
 .text.board_get_usable_ram_top
                0x000000008080d524       0x10 common/built-in.o
                0x000000008080d524                board_get_usable_ram_top
 .text.setup_dest_addr
                0x000000008080d534       0x30 common/built-in.o
 .text.reserve_stacks
                0x000000008080d564       0x1a common/built-in.o
 *fill*         0x000000008080d57e        0x2 
 .text.board_init_f
                0x000000008080d580       0x20 common/built-in.o
                0x000000008080d580                board_init_f
 .text.initr_trace
                0x000000008080d5a0        0x4 common/built-in.o
 .text.initr_reloc
                0x000000008080d5a4       0x14 common/built-in.o
 .text.run_main_loop
                0x000000008080d5b8        0x8 common/built-in.o
 .text.initr_net
                0x000000008080d5c0       0x14 common/built-in.o
 .text.initr_ethaddr
                0x000000008080d5d4       0x18 common/built-in.o
 .text.initr_enable_interrupts
                0x000000008080d5ec        0xa common/built-in.o
 .text.initr_jumptable
                0x000000008080d5f6        0xa common/built-in.o
 .text.initr_env
                0x000000008080d600       0x20 common/built-in.o
 .text.initr_mmc
                0x000000008080d620       0x18 common/built-in.o
 .text.initr_nand
                0x000000008080d638       0x24 common/built-in.o
 .text.initr_serial
                0x000000008080d65c        0xa common/built-in.o
 .text.initr_dm
                0x000000008080d666       0x12 common/built-in.o
 .text.initr_bootstage
                0x000000008080d678        0xc common/built-in.o
 .text.initr_malloc
                0x000000008080d684       0x1c common/built-in.o
 .text.initr_reloc_global_data
                0x000000008080d6a0       0x28 common/built-in.o
 .text.initr_caches
                0x000000008080d6c8        0xa common/built-in.o
 .text.bootstage_relocate
                0x000000008080d6d2        0x4 common/built-in.o
 .text.initr_barrier
                0x000000008080d6d6        0x4 common/built-in.o
 .text.initr_console_record
                0x000000008080d6da        0x4 common/built-in.o
 .text.power_init_board
                0x000000008080d6de        0x4 common/built-in.o
                0x000000008080d6de                power_init_board
 .text.initr_announce
                0x000000008080d6e2        0x4 common/built-in.o
 .text.cpu_secondary_init_r
                0x000000008080d6e6        0x2 common/built-in.o
                0x000000008080d6e6                cpu_secondary_init_r
 .text.initr_secondary_cpu
                0x000000008080d6e8        0xa common/built-in.o
 *fill*         0x000000008080d6f2        0x2 
 .text.board_init_r
                0x000000008080d6f4       0x1c common/built-in.o
                0x000000008080d6f4                board_init_r
 .text.checkboard
                0x000000008080d710        0x4 common/built-in.o
                0x000000008080d710                checkboard
 .text.show_board_info
                0x000000008080d714        0x4 common/built-in.o
                0x000000008080d714                show_board_info
 .text.bootm_find_images
                0x000000008080d718       0x88 common/built-in.o
                0x000000008080d718                bootm_find_images
 .text.bootm_decomp_image
                0x000000008080d7a0       0xfc common/built-in.o
                0x000000008080d7a0                bootm_decomp_image
 .text.bootm_disable_interrupts
                0x000000008080d89c       0x10 common/built-in.o
                0x000000008080d89c                bootm_disable_interrupts
 .text.do_bootm_states
                0x000000008080d8ac      0x620 common/built-in.o
                0x000000008080d8ac                do_bootm_states
 .text.copy_args
                0x000000008080decc       0x38 common/built-in.o
 .text.do_bootm_rtems
                0x000000008080df04       0x4c common/built-in.o
 .text.do_bootm_plan9
                0x000000008080df50       0x88 common/built-in.o
 .text.do_bootm_standalone
                0x000000008080dfd8       0x40 common/built-in.o
 .text.do_bootm_qnxelf
                0x000000008080e018       0x70 common/built-in.o
 .text.do_bootm_netbsd
                0x000000008080e088       0xc4 common/built-in.o
 .text.do_bootvx_fdt
                0x000000008080e14c       0xc8 common/built-in.o
                0x000000008080e14c                do_bootvx_fdt
 .text.do_bootm_vxworks
                0x000000008080e214       0x38 common/built-in.o
 .text.arch_preboot_os
                0x000000008080e24c        0x2 common/built-in.o
                0x000000008080e24c                arch_preboot_os
 .text.boot_selected_os
                0x000000008080e24e       0x3a common/built-in.o
                0x000000008080e24e                boot_selected_os
 .text.bootm_os_get_boot_func
                0x000000008080e288        0xc common/built-in.o
                0x000000008080e288                bootm_os_get_boot_func
 .text.fdt_find_and_setprop
                0x000000008080e294       0x44 common/built-in.o
                0x000000008080e294                fdt_find_and_setprop
 .text.fdt_find_or_add_subnode
                0x000000008080e2d8       0x40 common/built-in.o
                0x000000008080e2d8                fdt_find_or_add_subnode
 .text.fdt_root
                0x000000008080e318       0x60 common/built-in.o
                0x000000008080e318                fdt_root
 .text.fdt_initrd
                0x000000008080e378      0x134 common/built-in.o
                0x000000008080e378                fdt_initrd
 .text.fdt_chosen
                0x000000008080e4ac       0x6c common/built-in.o
                0x000000008080e4ac                fdt_chosen
 .text.do_fixup_by_path
                0x000000008080e518       0x34 common/built-in.o
                0x000000008080e518                do_fixup_by_path
 .text.fdt_fixup_memory_banks
                0x000000008080e54c      0x150 common/built-in.o
                0x000000008080e54c                fdt_fixup_memory_banks
 .text.fdt_fixup_memory
                0x000000008080e69c       0x16 common/built-in.o
                0x000000008080e69c                fdt_fixup_memory
 *fill*         0x000000008080e6b2        0x2 
 .text.fdt_fixup_ethernet
                0x000000008080e6b4      0x10c common/built-in.o
                0x000000008080e6b4                fdt_fixup_ethernet
 .text.fdt_shrink_to_minimum
                0x000000008080e7c0       0x8e common/built-in.o
                0x000000008080e7c0                fdt_shrink_to_minimum
 *fill*         0x000000008080e84e        0x2 
 .text.fdt_overlay_apply_verbose
                0x000000008080e850       0x4c common/built-in.o
                0x000000008080e850                fdt_overlay_apply_verbose
 .text.miiphy_get_dev_by_name
                0x000000008080e89c       0x34 common/built-in.o
                0x000000008080e89c                miiphy_get_dev_by_name
 .text.miiphy_init
                0x000000008080e8d0       0x18 common/built-in.o
                0x000000008080e8d0                miiphy_init
 .text.mdio_alloc
                0x000000008080e8e8       0x1c common/built-in.o
                0x000000008080e8e8                mdio_alloc
 .text.mdio_register
                0x000000008080e904       0x4c common/built-in.o
                0x000000008080e904                mdio_register
 .text.mdio_list_devices
                0x000000008080e950       0x74 common/built-in.o
                0x000000008080e950                mdio_list_devices
 .text.miiphy_set_current_dev
                0x000000008080e9c4       0x28 common/built-in.o
                0x000000008080e9c4                miiphy_set_current_dev
 .text.miiphy_get_active_dev
                0x000000008080e9ec       0x30 common/built-in.o
 .text.mdio_get_current_dev
                0x000000008080ea1c        0xc common/built-in.o
                0x000000008080ea1c                mdio_get_current_dev
 .text.mdio_phydev_for_ethname
                0x000000008080ea28       0x50 common/built-in.o
                0x000000008080ea28                mdio_phydev_for_ethname
 .text.miiphy_get_current_dev
                0x000000008080ea78       0x10 common/built-in.o
                0x000000008080ea78                miiphy_get_current_dev
 .text.miiphy_read
                0x000000008080ea88       0x28 common/built-in.o
                0x000000008080ea88                miiphy_read
 .text.miiphy_write
                0x000000008080eab0       0x24 common/built-in.o
                0x000000008080eab0                miiphy_write
 .text.miiphy_listdev
                0x000000008080ead4       0x54 common/built-in.o
                0x000000008080ead4                miiphy_listdev
 .text.miiphy_info
                0x000000008080eb28       0x5c common/built-in.o
                0x000000008080eb28                miiphy_info
 .text.miiphy_speed
                0x000000008080eb84       0x80 common/built-in.o
                0x000000008080eb84                miiphy_speed
 .text.miiphy_duplex
                0x000000008080ec04       0x7c common/built-in.o
                0x000000008080ec04                miiphy_duplex
 .text.miiphy_is_1000base_x
                0x000000008080ec80        0x4 common/built-in.o
                0x000000008080ec80                miiphy_is_1000base_x
 .text.usb_set_maxpacket_ep
                0x000000008080ec84       0x56 common/built-in.o
 *fill*         0x000000008080ecda        0x2 
 .text.usb_stop
                0x000000008080ecdc       0x38 common/built-in.o
                0x000000008080ecdc                usb_stop
 .text.usb_disable_asynch
                0x000000008080ed14       0x14 common/built-in.o
                0x000000008080ed14                usb_disable_asynch
 .text.usb_control_msg
                0x000000008080ed28       0x80 common/built-in.o
                0x000000008080ed28                usb_control_msg
 .text.usb_get_descriptor
                0x000000008080eda8       0x36 common/built-in.o
 *fill*         0x000000008080edde        0x2 
 .text.get_descriptor_len
                0x000000008080ede0       0x60 common/built-in.o
 .text.usb_setup_descriptor
                0x000000008080ee40       0x84 common/built-in.o
 .text.usb_get_string
                0x000000008080eec4       0x50 common/built-in.o
 .text.usb_string_sub
                0x000000008080ef14       0x90 common/built-in.o
 .text.usb_bulk_msg
                0x000000008080efa4       0x48 common/built-in.o
                0x000000008080efa4                usb_bulk_msg
 .text.usb_maxpacket
                0x000000008080efec       0x14 common/built-in.o
                0x000000008080efec                usb_maxpacket
 .text.usb_clear_halt
                0x000000008080f000       0x5c common/built-in.o
                0x000000008080f000                usb_clear_halt
 .text.usb_get_configuration_len
                0x000000008080f05c       0x50 common/built-in.o
                0x000000008080f05c                usb_get_configuration_len
 .text.usb_get_configuration_no
                0x000000008080f0ac       0x1c common/built-in.o
                0x000000008080f0ac                usb_get_configuration_no
 .text.usb_set_interface
                0x000000008080f0c8       0x78 common/built-in.o
                0x000000008080f0c8                usb_set_interface
 .text.usb_string
                0x000000008080f140       0x9c common/built-in.o
                0x000000008080f140                usb_string
 .text.usb_get_dev_index
                0x000000008080f1dc       0x18 common/built-in.o
                0x000000008080f1dc                usb_get_dev_index
 .text.usb_alloc_new_device
                0x000000008080f1f4       0x68 common/built-in.o
                0x000000008080f1f4                usb_alloc_new_device
 .text.usb_free_device
                0x000000008080f25c       0x30 common/built-in.o
                0x000000008080f25c                usb_free_device
 .text.usb_alloc_device
                0x000000008080f28c        0x4 common/built-in.o
                0x000000008080f28c                usb_alloc_device
 .text.usb_select_config
                0x000000008080f290      0x318 common/built-in.o
                0x000000008080f290                usb_select_config
 .text.usb_setup_device
                0x000000008080f5a8       0xac common/built-in.o
                0x000000008080f5a8                usb_setup_device
 .text.usb_new_device
                0x000000008080f654       0x1e common/built-in.o
                0x000000008080f654                usb_new_device
 *fill*         0x000000008080f672        0x2 
 .text.usb_init
                0x000000008080f674       0xd8 common/built-in.o
                0x000000008080f674                usb_init
 .text.board_usb_init
                0x000000008080f74c        0x4 common/built-in.o
                0x000000008080f74c                board_usb_init
 .text.board_usb_cleanup
                0x000000008080f750        0x4 common/built-in.o
                0x000000008080f750                board_usb_cleanup
 .text.usb_device_has_child_on_port
                0x000000008080f754       0x10 common/built-in.o
                0x000000008080f754                usb_device_has_child_on_port
 .text.usb_find_usb2_hub_address_port
                0x000000008080f764       0x38 common/built-in.o
                0x000000008080f764                usb_find_usb2_hub_address_port
 .text.usb_set_port_feature
                0x000000008080f79c       0x2e common/built-in.o
 .text.usb_clear_port_feature
                0x000000008080f7ca       0x2e common/built-in.o
 .text.usb_get_hub_descriptor
                0x000000008080f7f8       0x44 common/built-in.o
 .text.usb_hub_reset_devices
                0x000000008080f83c        0x2 common/built-in.o
                0x000000008080f83c                usb_hub_reset_devices
 .text.usb_get_port_status
                0x000000008080f83e       0x30 common/built-in.o
                0x000000008080f83e                usb_get_port_status
 *fill*         0x000000008080f86e        0x2 
 .text.usb_hub_reset
                0x000000008080f870       0x18 common/built-in.o
                0x000000008080f870                usb_hub_reset
 .text.usb_hub_port_connect_change
                0x000000008080f888      0x13c common/built-in.o
                0x000000008080f888                usb_hub_port_connect_change
 .text.usb_hub_configure
                0x000000008080f9c4      0x3d0 common/built-in.o
 .text.usb_hub_probe
                0x000000008080fd94       0x3a common/built-in.o
                0x000000008080fd94                usb_hub_probe
 .text.usb_stor_irq
                0x000000008080fdce       0x10 common/built-in.o
 .text.usb_stor_BBB_reset
                0x000000008080fdde       0xac common/built-in.o
 *fill*         0x000000008080fe8a        0x2 
 .text.usb_stor_CB_reset
                0x000000008080fe8c       0x8c common/built-in.o
 .text.usb_stor_BBB_clear_endpt_stall.isra.3
                0x000000008080ff18       0x2c common/built-in.o
 .text.usb_stor_BBB_transport
                0x000000008080ff44      0x1cc common/built-in.o
 .text.usb_stor_CB_comdat
                0x0000000080810110      0x154 common/built-in.o
 .text.usb_stor_CBI_get_status.isra.5
                0x0000000080810264       0x88 common/built-in.o
 .text.usb_stor_CB_transport
                0x00000000808102ec      0x154 common/built-in.o
 .text.usb_request_sense.constprop.11
                0x0000000080810440       0x4c common/built-in.o
 .text.usb_stor_read
                0x000000008081048c       0xf8 common/built-in.o
 .text.usb_stor_write
                0x0000000080810584       0xf8 common/built-in.o
 .text.usb_stor_info
                0x000000008081067c       0x4c common/built-in.o
                0x000000008081067c                usb_stor_info
 .text.usb_storage_probe
                0x00000000808106c8      0x15c common/built-in.o
                0x00000000808106c8                usb_storage_probe
 .text.usb_stor_get_info
                0x0000000080810824      0x230 common/built-in.o
                0x0000000080810824                usb_stor_get_info
 .text.usb_stor_scan
                0x0000000080810a54      0x148 common/built-in.o
                0x0000000080810a54                usb_stor_scan
 .text.delete_char.part.0
                0x0000000080810b9c       0x84 common/built-in.o
 .text.cread_add_char
                0x0000000080810c20       0x80 common/built-in.o
 .text.cli_readline_into_buffer
                0x0000000080810ca0      0x66c common/built-in.o
                0x0000000080810ca0                cli_readline_into_buffer
 .text.cli_readline
                0x000000008081130c       0x10 common/built-in.o
                0x000000008081130c                cli_readline
 .text.console_setfile
                0x000000008081131c       0x74 common/built-in.o
 .text.fgetc    0x0000000080811390       0x18 common/built-in.o
                0x0000000080811390                fgetc
 .text.getc     0x00000000808113a8       0x1a common/built-in.o
                0x00000000808113a8                getc
 *fill*         0x00000000808113c2        0x2 
 .text.ftstc    0x00000000808113c4       0x18 common/built-in.o
                0x00000000808113c4                ftstc
 .text.tstc     0x00000000808113dc       0x1a common/built-in.o
                0x00000000808113dc                tstc
 *fill*         0x00000000808113f6        0x2 
 .text.fputc    0x00000000808113f8       0x14 common/built-in.o
                0x00000000808113f8                fputc
 .text.putc     0x000000008081140c       0x1c common/built-in.o
                0x000000008081140c                putc
 .text.fputs    0x0000000080811428       0x14 common/built-in.o
                0x0000000080811428                fputs
 .text.puts     0x000000008081143c       0x1c common/built-in.o
                0x000000008081143c                puts
 .text.ctrlc    0x0000000080811458       0x38 common/built-in.o
                0x0000000080811458                ctrlc
 .text.confirm_yesno
                0x0000000080811490       0x80 common/built-in.o
                0x0000000080811490                confirm_yesno
 .text.had_ctrlc
                0x0000000080811510        0xc common/built-in.o
                0x0000000080811510                had_ctrlc
 .text.clear_ctrlc
                0x000000008081151c        0xc common/built-in.o
                0x000000008081151c                clear_ctrlc
 .text.search_device
                0x0000000080811528       0x16 common/built-in.o
                0x0000000080811528                search_device
 .text.console_assign
                0x000000008081153e       0x2a common/built-in.o
                0x000000008081153e                console_assign
 .text.on_console
                0x0000000080811568       0x6c common/built-in.o
 .text.console_init_f
                0x00000000808115d4        0xa common/built-in.o
                0x00000000808115d4                console_init_f
 *fill*         0x00000000808115de        0x2 
 .text.console_init_r
                0x00000000808115e0       0x8c common/built-in.o
                0x00000000808115e0                console_init_r
 .text.sbrk     0x000000008081166c       0x40 common/built-in.o
                0x000000008081166c                sbrk
 .text.mem_malloc_init
                0x00000000808116ac       0x28 common/built-in.o
                0x00000000808116ac                mem_malloc_init
 .text.malloc_trim
                0x00000000808116d4       0x84 common/built-in.o
                0x00000000808116d4                malloc_trim
 .text.free     0x0000000080811758      0x164 common/built-in.o
                0x0000000080811758                free
 .text.malloc   0x00000000808118bc      0x418 common/built-in.o
                0x00000000808118bc                malloc
 .text.calloc   0x0000000080811cd4       0xb8 common/built-in.o
                0x0000000080811cd4                calloc
 .text.realloc  0x0000000080811d8c      0x2d0 common/built-in.o
                0x0000000080811d8c                realloc
 .text.memalign
                0x000000008081205c      0x104 common/built-in.o
                0x000000008081205c                memalign
 .text.initf_malloc
                0x0000000080812160       0x14 common/built-in.o
                0x0000000080812160                initf_malloc
 .text.malloc_simple
                0x0000000080812174       0x28 common/built-in.o
                0x0000000080812174                malloc_simple
 .text.on_loadaddr
                0x000000008081219c       0x20 common/built-in.o
 .text.image_check_hcrc
                0x00000000808121bc       0x2a common/built-in.o
                0x00000000808121bc                image_check_hcrc
 .text.image_check_dcrc
                0x00000000808121e6       0x22 common/built-in.o
                0x00000000808121e6                image_check_dcrc
 .text.image_multi_count
                0x0000000080812208       0x12 common/built-in.o
                0x0000000080812208                image_multi_count
 .text.image_multi_getimg
                0x000000008081221a       0x4a common/built-in.o
                0x000000008081221a                image_multi_getimg
 .text.env_get_bootm_low
                0x0000000080812264       0x20 common/built-in.o
                0x0000000080812264                env_get_bootm_low
 .text.env_get_bootm_size
                0x0000000080812284       0x44 common/built-in.o
                0x0000000080812284                env_get_bootm_size
 .text.env_get_bootm_mapsize
                0x00000000808122c8       0x20 common/built-in.o
                0x00000000808122c8                env_get_bootm_mapsize
 .text.memmove_wd
                0x00000000808122e8       0x4c common/built-in.o
                0x00000000808122e8                memmove_wd
 .text.genimg_print_size
                0x0000000080812334       0x24 common/built-in.o
                0x0000000080812334                genimg_print_size
 .text.get_table_entry
                0x0000000080812358       0x12 common/built-in.o
                0x0000000080812358                get_table_entry
 .text.get_table_entry_name
                0x000000008081236a       0x12 common/built-in.o
                0x000000008081236a                get_table_entry_name
 .text.genimg_get_os_name
                0x000000008081237c       0x14 common/built-in.o
                0x000000008081237c                genimg_get_os_name
 .text.genimg_get_arch_name
                0x0000000080812390       0x14 common/built-in.o
                0x0000000080812390                genimg_get_arch_name
 .text.genimg_get_type_name
                0x00000000808123a4       0x14 common/built-in.o
                0x00000000808123a4                genimg_get_type_name
 .text.genimg_get_comp_name
                0x00000000808123b8       0x14 common/built-in.o
                0x00000000808123b8                genimg_get_comp_name
 .text.image_print_contents
                0x00000000808123cc      0x114 common/built-in.o
                0x00000000808123cc                image_print_contents
 .text.get_table_entry_id
                0x00000000808124e0       0x26 common/built-in.o
                0x00000000808124e0                get_table_entry_id
 *fill*         0x0000000080812506        0x2 
 .text.genimg_get_os_id
                0x0000000080812508       0x14 common/built-in.o
                0x0000000080812508                genimg_get_os_id
 .text.genimg_get_arch_id
                0x000000008081251c       0x14 common/built-in.o
                0x000000008081251c                genimg_get_arch_id
 .text.genimg_get_type_id
                0x0000000080812530       0x14 common/built-in.o
                0x0000000080812530                genimg_get_type_id
 .text.genimg_get_comp_id
                0x0000000080812544       0x14 common/built-in.o
                0x0000000080812544                genimg_get_comp_id
 .text.genimg_get_kernel_addr_fit
                0x0000000080812558       0x3c common/built-in.o
                0x0000000080812558                genimg_get_kernel_addr_fit
 .text.genimg_get_format
                0x0000000080812594       0x20 common/built-in.o
                0x0000000080812594                genimg_get_format
 .text.genimg_has_config
                0x00000000808125b4        0xa common/built-in.o
                0x00000000808125b4                genimg_has_config
 *fill*         0x00000000808125be        0x2 
 .text.boot_get_ramdisk
                0x00000000808125c0      0x248 common/built-in.o
                0x00000000808125c0                boot_get_ramdisk
 .text.boot_ramdisk_high
                0x0000000080812808       0xc4 common/built-in.o
                0x0000000080812808                boot_ramdisk_high
 .text.boot_get_setup
                0x00000000808128cc        0x4 common/built-in.o
                0x00000000808128cc                boot_get_setup
 .text.boot_get_loadable
                0x00000000808128d0       0xe8 common/built-in.o
                0x00000000808128d0                boot_get_loadable
 .text.image_setup_linux
                0x00000000808129b8       0x3e common/built-in.o
                0x00000000808129b8                image_setup_linux
 *fill*         0x00000000808129f6        0x2 
 .text.fdt_error
                0x00000000808129f8       0x24 common/built-in.o
 .text.boot_fdt_add_mem_rsv_regions
                0x0000000080812a1c       0x5c common/built-in.o
                0x0000000080812a1c                boot_fdt_add_mem_rsv_regions
 .text.boot_relocate_fdt
                0x0000000080812a78      0x110 common/built-in.o
                0x0000000080812a78                boot_relocate_fdt
 .text.boot_get_fdt
                0x0000000080812b88      0x254 common/built-in.o
                0x0000000080812b88                boot_get_fdt
 .text.ft_verify_fdt
                0x0000000080812ddc        0x4 common/built-in.o
                0x0000000080812ddc                ft_verify_fdt
 .text.image_setup_libfdt
                0x0000000080812de0       0xd0 common/built-in.o
                0x0000000080812de0                image_setup_libfdt
 .text.fit_image_get_address
                0x0000000080812eb0       0x3c common/built-in.o
 .text.fit_parse_conf
                0x0000000080812eec       0x3a common/built-in.o
                0x0000000080812eec                fit_parse_conf
 .text.fit_parse_subimage
                0x0000000080812f26       0x3a common/built-in.o
                0x0000000080812f26                fit_parse_subimage
 .text.fit_get_desc
                0x0000000080812f60       0x20 common/built-in.o
                0x0000000080812f60                fit_get_desc
 .text.fit_image_get_node
                0x0000000080812f80       0x24 common/built-in.o
                0x0000000080812f80                fit_image_get_node
 .text.fit_image_get_os
                0x0000000080812fa4       0x28 common/built-in.o
                0x0000000080812fa4                fit_image_get_os
 .text.fit_image_get_arch
                0x0000000080812fcc       0x28 common/built-in.o
                0x0000000080812fcc                fit_image_get_arch
 .text.fit_image_get_type
                0x0000000080812ff4       0x28 common/built-in.o
                0x0000000080812ff4                fit_image_get_type
 .text.fit_image_get_comp
                0x000000008081301c       0x28 common/built-in.o
                0x000000008081301c                fit_image_get_comp
 .text.fit_image_get_load
                0x0000000080813044        0xc common/built-in.o
                0x0000000080813044                fit_image_get_load
 .text.fit_image_get_entry
                0x0000000080813050        0xc common/built-in.o
                0x0000000080813050                fit_image_get_entry
 .text.fit_image_get_data
                0x000000008081305c       0x28 common/built-in.o
                0x000000008081305c                fit_image_get_data
 .text.fit_image_hash_get_algo
                0x0000000080813084       0x20 common/built-in.o
                0x0000000080813084                fit_image_hash_get_algo
 .text.fit_image_hash_get_value
                0x00000000808130a4       0x28 common/built-in.o
                0x00000000808130a4                fit_image_hash_get_value
 .text.fit_image_print_data
                0x00000000808130cc       0xd8 common/built-in.o
 .text.fit_image_print
                0x00000000808131a4      0x25c common/built-in.o
                0x00000000808131a4                fit_image_print
 .text.fit_get_end
                0x0000000080813400        0x8 common/built-in.o
                0x0000000080813400                fit_get_end
 .text.calculate_hash
                0x0000000080813408       0xa8 common/built-in.o
                0x0000000080813408                calculate_hash
 .text.fit_image_verify
                0x00000000808134b0      0x150 common/built-in.o
                0x00000000808134b0                fit_image_verify
 .text.fit_all_image_verify
                0x0000000080813600       0xa8 common/built-in.o
                0x0000000080813600                fit_all_image_verify
 .text.fit_image_check_os
                0x00000000808136a8       0x20 common/built-in.o
                0x00000000808136a8                fit_image_check_os
 .text.fit_image_check_arch
                0x00000000808136c8       0x2c common/built-in.o
                0x00000000808136c8                fit_image_check_arch
 .text.fit_image_check_type
                0x00000000808136f4       0x20 common/built-in.o
                0x00000000808136f4                fit_image_check_type
 .text.fit_image_check_comp
                0x0000000080813714       0x20 common/built-in.o
                0x0000000080813714                fit_image_check_comp
 .text.fit_check_format
                0x0000000080813734       0x28 common/built-in.o
                0x0000000080813734                fit_check_format
 .text.fit_conf_get_node
                0x000000008081375c       0x7c common/built-in.o
                0x000000008081375c                fit_conf_get_node
 .text.fit_conf_get_prop_node_index
                0x00000000808137d8       0x20 common/built-in.o
                0x00000000808137d8                fit_conf_get_prop_node_index
 .text.fit_conf_get_prop_node
                0x00000000808137f8        0x6 common/built-in.o
                0x00000000808137f8                fit_conf_get_prop_node
 *fill*         0x00000000808137fe        0x2 
 .text.fit_conf_print
                0x0000000080813800      0x138 common/built-in.o
                0x0000000080813800                fit_conf_print
 .text.fit_print_contents
                0x0000000080813938      0x150 common/built-in.o
                0x0000000080813938                fit_print_contents
 .text.fit_get_node_from_config
                0x0000000080813a88       0x2a common/built-in.o
                0x0000000080813a88                fit_get_node_from_config
 *fill*         0x0000000080813ab2        0x2 
 .text.fit_image_load
                0x0000000080813ab4      0x3cc common/built-in.o
                0x0000000080813ab4                fit_image_load
 .text.boot_get_setup_fit
                0x0000000080813e80       0x40 common/built-in.o
                0x0000000080813e80                boot_get_setup_fit
 .text.boot_get_fdt_fit
                0x0000000080813ec0      0x1c8 common/built-in.o
                0x0000000080813ec0                boot_get_fdt_fit
 .text.get_ram_size
                0x0000000080814088       0x8c common/built-in.o
                0x0000000080814088                get_ram_size
 .text.get_effective_memsize
                0x0000000080814114        0x6 common/built-in.o
                0x0000000080814114                get_effective_memsize
 .text.stdio_serial_tstc
                0x000000008081411a        0x4 common/built-in.o
 .text.stdio_serial_getc
                0x000000008081411e        0x4 common/built-in.o
 .text.stdio_serial_puts
                0x0000000080814122        0x6 common/built-in.o
 .text.stdio_serial_putc
                0x0000000080814128        0x6 common/built-in.o
 *fill*         0x000000008081412e        0x2 
 .text.stdio_get_list
                0x0000000080814130        0x8 common/built-in.o
                0x0000000080814130                stdio_get_list
 .text.stdio_get_by_name
                0x0000000080814138       0x30 common/built-in.o
                0x0000000080814138                stdio_get_by_name
 .text.stdio_clone
                0x0000000080814168       0x22 common/built-in.o
                0x0000000080814168                stdio_clone
 *fill*         0x000000008081418a        0x2 
 .text.stdio_register_dev
                0x000000008081418c       0x34 common/built-in.o
                0x000000008081418c                stdio_register_dev
 .text.stdio_register
                0x00000000808141c0        0x6 common/built-in.o
                0x00000000808141c0                stdio_register
 *fill*         0x00000000808141c6        0x2 
 .text.stdio_init_tables
                0x00000000808141c8       0x14 common/built-in.o
                0x00000000808141c8                stdio_init_tables
 .text.stdio_add_devices
                0x00000000808141dc       0x54 common/built-in.o
                0x00000000808141dc                stdio_add_devices
 .text.run_command
                0x0000000080814230        0xe common/built-in.o
                0x0000000080814230                run_command
 .text.run_command_list
                0x000000008081423e       0x46 common/built-in.o
                0x000000008081423e                run_command_list
 .text.do_run   0x0000000080814284       0x4c common/built-in.o
                0x0000000080814284                do_run
 .text.cli_loop
                0x00000000808142d0        0x8 common/built-in.o
                0x00000000808142d0                cli_loop
 .text.cli_init
                0x00000000808142d8        0x4 common/built-in.o
                0x00000000808142d8                cli_init
 .text.find_cmd_tbl
                0x00000000808142dc       0x60 common/built-in.o
                0x00000000808142dc                find_cmd_tbl
 .text.find_cmd
                0x000000008081433c       0x1c common/built-in.o
                0x000000008081433c                find_cmd
 .text.cmd_usage
                0x0000000080814358       0x3c common/built-in.o
                0x0000000080814358                cmd_usage
 .text._do_help
                0x0000000080814394      0x104 common/built-in.o
                0x0000000080814394                _do_help
 .text.var_complete
                0x0000000080814498       0x48 common/built-in.o
                0x0000000080814498                var_complete
 .text.cmd_auto_complete
                0x00000000808144e0      0x2e0 common/built-in.o
                0x00000000808144e0                cmd_auto_complete
 .text.cmd_get_data_size
                0x00000000808147c0       0x34 common/built-in.o
                0x00000000808147c0                cmd_get_data_size
 .text.cmd_process
                0x00000000808147f4       0x94 common/built-in.o
                0x00000000808147f4                cmd_process
 .text.cmd_process_error
                0x0000000080814888       0x18 common/built-in.o
                0x0000000080814888                cmd_process_error
 .text.hex1_bin
                0x00000000808148a0       0x2a common/built-in.o
 .text.hex2_bin
                0x00000000808148ca       0x24 common/built-in.o
 .text.srec_decode
                0x00000000808148ee      0x17a common/built-in.o
                0x00000000808148ee                srec_decode
 .text.CYGACC_COMM_IF_GETC_TIMEOUT.isra.0
                0x0000000080814a68       0x32 common/built-in.o
 .text.xyzModem_flush
                0x0000000080814a9a       0x14 common/built-in.o
 *fill*         0x0000000080814aae        0x2 
 .text.xyzModem_get_hdr
                0x0000000080814ab0      0x170 common/built-in.o
 .text.xyzModem_stream_open
                0x0000000080814c20      0x170 common/built-in.o
                0x0000000080814c20                xyzModem_stream_open
 .text.xyzModem_stream_read
                0x0000000080814d90      0x1bc common/built-in.o
                0x0000000080814d90                xyzModem_stream_read
 .text.xyzModem_stream_close
                0x0000000080814f4c       0x40 common/built-in.o
                0x0000000080814f4c                xyzModem_stream_close
 .text.xyzModem_stream_terminate
                0x0000000080814f8c       0x68 common/built-in.o
                0x0000000080814f8c                xyzModem_stream_terminate
 .text.xyzModem_error
                0x0000000080814ff4       0x18 common/built-in.o
                0x0000000080814ff4                xyzModem_error
 .text.blk_get_dev
                0x000000008081500c       0x1c disk/built-in.o
                0x000000008081500c                blk_get_dev
 .text.dev_print
                0x0000000080815028      0x170 disk/built-in.o
                0x0000000080815028                dev_print
 .text.part_init
                0x0000000080815198       0x2c disk/built-in.o
                0x0000000080815198                part_init
 .text.part_print
                0x00000000808151c4       0xe8 disk/built-in.o
                0x00000000808151c4                part_print
 .text.part_get_info
                0x00000000808152ac       0x44 disk/built-in.o
                0x00000000808152ac                part_get_info
 .text.part_get_info_whole_disk
                0x00000000808152f0       0x38 disk/built-in.o
                0x00000000808152f0                part_get_info_whole_disk
 .text.blk_get_device_by_str
                0x0000000080815328       0xcc disk/built-in.o
                0x0000000080815328                blk_get_device_by_str
 .text.blk_get_device_part_str
                0x00000000808153f4      0x294 disk/built-in.o
                0x00000000808153f4                blk_get_device_part_str
 .text.part_set_generic_name
                0x0000000080815688       0x34 disk/built-in.o
                0x0000000080815688                part_set_generic_name
 .text.test_block_type
                0x00000000808156bc       0x4c disk/built-in.o
 .text.print_partition_extended
                0x0000000080815708      0x194 disk/built-in.o
 .text.part_print_dos
                0x000000008081589c       0x20 disk/built-in.o
                0x000000008081589c                part_print_dos
 .text.part_test_dos
                0x00000000808158bc       0x4e disk/built-in.o
 *fill*         0x000000008081590a        0x2 
 .text.part_get_info_extended
                0x000000008081590c      0x1ec disk/built-in.o
 .text.part_get_info_dos
                0x0000000080815af8       0x18 disk/built-in.o
                0x0000000080815af8                part_get_info_dos
 .text.iso_dread
                0x0000000080815b10       0x22 disk/built-in.o
                0x0000000080815b10                iso_dread
 *fill*         0x0000000080815b32        0x2 
 .text.part_get_info_iso_verb
                0x0000000080815b34      0x25c disk/built-in.o
                0x0000000080815b34                part_get_info_iso_verb
 .text.part_test_iso
                0x0000000080815d90       0x14 disk/built-in.o
 .text.part_print_iso
                0x0000000080815da4       0x60 disk/built-in.o
 .text.part_get_info_iso
                0x0000000080815e04        0x6 disk/built-in.o
 *fill*         0x0000000080815e0a        0x2 
 .text.print_efiname
                0x0000000080815e0c       0x38 disk/built-in.o
 .text.part_test_efi
                0x0000000080815e44       0x76 disk/built-in.o
 *fill*         0x0000000080815eba        0x2 
 .text.validate_gpt_entries
                0x0000000080815ebc       0x80 disk/built-in.o
 *fill*         0x0000000080815f3c        0x4 
 .text.validate_gpt_header
                0x0000000080815f40      0x1a0 disk/built-in.o
 .text.is_gpt_valid
                0x00000000808160e0      0x1c0 disk/built-in.o
 .text.is_pte_valid
                0x00000000808162a0       0x38 disk/built-in.o
 .text.part_print_efi
                0x00000000808162d8      0x1f8 disk/built-in.o
                0x00000000808162d8                part_print_efi
 .text.part_get_info_efi
                0x00000000808164d0      0x170 disk/built-in.o
                0x00000000808164d0                part_get_info_efi
 .text.get_disk_guid
                0x0000000080816640       0xa4 disk/built-in.o
                0x0000000080816640                get_disk_guid
 .text.write_gpt_table
                0x00000000808166e4      0x384 disk/built-in.o
                0x00000000808166e4                write_gpt_table
 .text.gpt_fill_pte
                0x0000000080816a68      0x28c disk/built-in.o
                0x0000000080816a68                gpt_fill_pte
 .text.gpt_fill_header
                0x0000000080816cf4      0x180 disk/built-in.o
                0x0000000080816cf4                gpt_fill_header
 .text.gpt_restore
                0x0000000080816e74       0xc8 disk/built-in.o
                0x0000000080816e74                gpt_restore
 .text.gpt_verify_headers
                0x0000000080816f3c       0x54 disk/built-in.o
                0x0000000080816f3c                gpt_verify_headers
 .text.gpt_verify_partitions
                0x0000000080816f90      0x188 disk/built-in.o
                0x0000000080816f90                gpt_verify_partitions
 .text.device_bind_common.isra.0
                0x0000000080817118      0x1e8 drivers/built-in.o
 .text.alloc_priv
                0x0000000080817300       0x38 drivers/built-in.o
 .text.device_bind_by_name
                0x0000000080817338       0x44 drivers/built-in.o
                0x0000000080817338                device_bind_by_name
 .text.device_probe
                0x000000008081737c      0x140 drivers/built-in.o
                0x000000008081737c                device_probe
 .text.dev_get_platdata
                0x00000000808174bc       0x20 drivers/built-in.o
                0x00000000808174bc                dev_get_platdata
 .text.dev_get_priv
                0x00000000808174dc       0x20 drivers/built-in.o
                0x00000000808174dc                dev_get_priv
 .text.dev_get_uclass_priv
                0x00000000808174fc       0x20 drivers/built-in.o
                0x00000000808174fc                dev_get_uclass_priv
 .text.devfdt_get_addr
                0x000000008081751c        0x6 drivers/built-in.o
                0x000000008081751c                devfdt_get_addr
 *fill*         0x0000000080817522        0x2 
 .text.lists_driver_lookup_name
                0x0000000080817524       0x2c drivers/built-in.o
                0x0000000080817524                lists_driver_lookup_name
 .text.lists_uclass_lookup
                0x0000000080817550       0x20 drivers/built-in.o
                0x0000000080817550                lists_uclass_lookup
 .text.lists_bind_drivers
                0x0000000080817570       0x58 drivers/built-in.o
                0x0000000080817570                lists_bind_drivers
 .text.dm_root  0x00000000808175c8       0x1c drivers/built-in.o
                0x00000000808175c8                dm_root
 .text.dm_init  0x00000000808175e4       0x40 drivers/built-in.o
                0x00000000808175e4                dm_init
 .text.dm_remove_devices_flags
                0x0000000080817624       0x12 drivers/built-in.o
                0x0000000080817624                dm_remove_devices_flags
 *fill*         0x0000000080817636        0x2 
 .text.dm_scan_platdata
                0x0000000080817638       0x20 drivers/built-in.o
                0x0000000080817638                dm_scan_platdata
 .text.dm_scan_other
                0x0000000080817658        0x4 drivers/built-in.o
                0x0000000080817658                dm_scan_other
 .text.dm_init_and_scan
                0x000000008081765c       0x20 drivers/built-in.o
                0x000000008081765c                dm_init_and_scan
 .text.uclass_find
                0x000000008081767c       0x2e drivers/built-in.o
                0x000000008081767c                uclass_find
 .text.uclass_get
                0x00000000808176aa       0xa8 drivers/built-in.o
                0x00000000808176aa                uclass_get
 .text.uclass_find_device
                0x0000000080817752       0x42 drivers/built-in.o
                0x0000000080817752                uclass_find_device
 .text.uclass_find_first_device
                0x0000000080817794       0x22 drivers/built-in.o
                0x0000000080817794                uclass_find_first_device
 .text.uclass_find_next_device
                0x00000000808177b6       0x18 drivers/built-in.o
                0x00000000808177b6                uclass_find_next_device
 .text.uclass_find_device_by_seq
                0x00000000808177ce       0x54 drivers/built-in.o
                0x00000000808177ce                uclass_find_device_by_seq
 .text.uclass_get_device_tail
                0x0000000080817822       0x16 drivers/built-in.o
                0x0000000080817822                uclass_get_device_tail
 .text.uclass_get_device
                0x0000000080817838       0x1c drivers/built-in.o
                0x0000000080817838                uclass_get_device
 .text.uclass_get_device_by_seq
                0x0000000080817854       0x32 drivers/built-in.o
                0x0000000080817854                uclass_get_device_by_seq
 .text.uclass_first_device
                0x0000000080817886       0x1e drivers/built-in.o
                0x0000000080817886                uclass_first_device
 .text.uclass_next_device
                0x00000000808178a4       0x24 drivers/built-in.o
                0x00000000808178a4                uclass_next_device
 .text.uclass_bind_device
                0x00000000808178c8       0x3a drivers/built-in.o
                0x00000000808178c8                uclass_bind_device
 .text.uclass_unbind_device
                0x0000000080817902       0x24 drivers/built-in.o
                0x0000000080817902                uclass_unbind_device
 *fill*         0x0000000080817926        0x2 
 .text.uclass_resolve_seq
                0x0000000080817928       0x68 drivers/built-in.o
                0x0000000080817928                uclass_resolve_seq
 .text.uclass_pre_probe_device
                0x0000000080817990       0x2e drivers/built-in.o
                0x0000000080817990                uclass_pre_probe_device
 .text.uclass_post_probe_device
                0x00000000808179be        0xe drivers/built-in.o
                0x00000000808179be                uclass_post_probe_device
 .text.uclass_pre_remove_device
                0x00000000808179cc        0xe drivers/built-in.o
                0x00000000808179cc                uclass_pre_remove_device
 .text.dm_warn  0x00000000808179da       0x1a drivers/built-in.o
                0x00000000808179da                dm_warn
 .text.device_free
                0x00000000808179f4       0x44 drivers/built-in.o
                0x00000000808179f4                device_free
 .text.device_remove
                0x0000000080817a38       0xec drivers/built-in.o
                0x0000000080817a38                device_remove
 .text.show_devices
                0x0000000080817b24       0xa8 drivers/built-in.o
 .text.dm_dump_all
                0x0000000080817bcc       0x30 drivers/built-in.o
                0x0000000080817bcc                dm_dump_all
 .text.dm_dump_uclass
                0x0000000080817bfc       0x98 drivers/built-in.o
                0x0000000080817bfc                dm_dump_uclass
 .text.get_desc
                0x0000000080817c94       0x3a drivers/built-in.o
 *fill*         0x0000000080817cce        0x2 
 .text.blk_driver_lookup_type
                0x0000000080817cd0       0x20 drivers/built-in.o
                0x0000000080817cd0                blk_driver_lookup_type
 .text.blk_get_if_type_name
                0x0000000080817cf0        0xc drivers/built-in.o
                0x0000000080817cf0                blk_get_if_type_name
 .text.blk_list_part
                0x0000000080817cfc       0x52 drivers/built-in.o
                0x0000000080817cfc                blk_list_part
 .text.blk_print_part_devnum
                0x0000000080817d4e       0x34 drivers/built-in.o
                0x0000000080817d4e                blk_print_part_devnum
 *fill*         0x0000000080817d82        0x2 
 .text.blk_list_devices
                0x0000000080817d84       0x44 drivers/built-in.o
                0x0000000080817d84                blk_list_devices
 .text.blk_print_device_num
                0x0000000080817dc8       0x38 drivers/built-in.o
                0x0000000080817dc8                blk_print_device_num
 .text.blk_show_device
                0x0000000080817e00       0x5c drivers/built-in.o
                0x0000000080817e00                blk_show_device
 .text.blk_get_devnum_by_type
                0x0000000080817e5c       0x20 drivers/built-in.o
                0x0000000080817e5c                blk_get_devnum_by_type
 .text.blk_dselect_hwpart
                0x0000000080817e7c       0x26 drivers/built-in.o
                0x0000000080817e7c                blk_dselect_hwpart
 *fill*         0x0000000080817ea2        0x2 
 .text.blk_get_devnum_by_typename
                0x0000000080817ea4       0x3c drivers/built-in.o
                0x0000000080817ea4                blk_get_devnum_by_typename
 .text.blk_read_devnum
                0x0000000080817ee0       0x2e drivers/built-in.o
                0x0000000080817ee0                blk_read_devnum
 .text.blk_write_devnum